
> brain-brawl@0.1.0 build C:\Users\shilo\Brain-Brawl\Brain-Brawl
> next build

node.exe :  ΓÜá You are using a non-standard "NODE_ENV" value in your environment. This 
creates inconsistencies in the project and is strongly advised against. Read more: 
https://nextjs.org/docs/messages/non-standard-node-env
At C:\Users\shilo\AppData\Roaming\npm\pnpm.ps1:24 char:5
+     & "node$exe"  "$basedir/node_modules/pnpm/bin/pnpm.cjs" $args
+     ~~~~~~~~~~~~~~~~~~~~~~~~~~~~~~~~~~~~~~~~~~~~~~~~~~~~~~~~~~~~~
    + CategoryInfo          : NotSpecified: ( ΓÜá You are us...andard-node-env:String) [] 
   , RemoteException
    + FullyQualifiedErrorId : NativeCommandError
 
   Γû▓ Next.js 15.5.9
   - Environments: .env.local, .env
   - Experiments (use with caution):
     Γ£ô webpackBuildWorker
     ┬╖ optimizePackageImports

   Creating an optimized production build ...
   Using tsconfig file: ./tsconfig.json
 ΓÜá Compiled with warnings in 106s

./node_modules/.pnpm/require-in-the-middle@8.0.1/node_modules/require-in-the-middle/index.
js
Critical dependency: require function is used in a way in which dependencies cannot be 
statically extracted

Import trace for requested module:
./node_modules/.pnpm/require-in-the-middle@8.0.1/node_modules/require-in-the-middle/index.
js
./node_modules/.pnpm/@opentelemetry+instrumentat_6afa3aa63a1ee1e91372360a2d45582d/node_mod
ules/@opentelemetry/instrumentation/build/esm/platform/node/instrumentation.js
./node_modules/.pnpm/@opentelemetry+instrumentat_6afa3aa63a1ee1e91372360a2d45582d/node_mod
ules/@opentelemetry/instrumentation/build/esm/platform/node/index.js
./node_modules/.pnpm/@opentelemetry+instrumentat_6afa3aa63a1ee1e91372360a2d45582d/node_mod
ules/@opentelemetry/instrumentation/build/esm/platform/index.js
./node_modules/.pnpm/@opentelemetry+instrumentat_6afa3aa63a1ee1e91372360a2d45582d/node_mod
ules/@opentelemetry/instrumentation/build/esm/index.js
./node_modules/.pnpm/@sentry+node@10.29.0/node_modules/@sentry/node/build/cjs/integrations
/tracing/postgresjs.js
./node_modules/.pnpm/@sentry+node@10.29.0/node_modules/@sentry/node/build/cjs/index.js
./node_modules/.pnpm/@sentry+nextjs@10.29.0_@ope_fa78907e0804155c0fd3663fc4f410e2/node_mod
ules/@sentry/nextjs/build/cjs/index.server.js
./src/lib/monitoring/sentry.ts
./src/components/error-boundary.tsx

./node_modules/.pnpm/require-in-the-middle@8.0.1/node_modules/require-in-the-middle/index.
js
Critical dependency: require function is used in a way in which dependencies cannot be 
statically extracted

Import trace for requested module:
./node_modules/.pnpm/require-in-the-middle@8.0.1/node_modules/require-in-the-middle/index.
js
./node_modules/.pnpm/@opentelemetry+instrumentat_6afa3aa63a1ee1e91372360a2d45582d/node_mod
ules/@opentelemetry/instrumentation/build/esm/platform/node/instrumentation.js
./node_modules/.pnpm/@opentelemetry+instrumentat_6afa3aa63a1ee1e91372360a2d45582d/node_mod
ules/@opentelemetry/instrumentation/build/esm/platform/node/index.js
./node_modules/.pnpm/@opentelemetry+instrumentat_6afa3aa63a1ee1e91372360a2d45582d/node_mod
ules/@opentelemetry/instrumentation/build/esm/platform/index.js
./node_modules/.pnpm/@opentelemetry+instrumentat_6afa3aa63a1ee1e91372360a2d45582d/node_mod
ules/@opentelemetry/instrumentation/build/esm/index.js
./node_modules/.pnpm/@sentry+node@10.29.0/node_modules/@sentry/node/build/cjs/integrations
/tracing/postgresjs.js
./node_modules/.pnpm/@sentry+node@10.29.0/node_modules/@sentry/node/build/cjs/index.js
./node_modules/.pnpm/@sentry+nextjs@10.29.0_@ope_fa78907e0804155c0fd3663fc4f410e2/node_mod
ules/@sentry/nextjs/build/cjs/index.server.js
./src/lib/monitoring/sentry.ts
./src/app/api/test-sentry/route.ts

   Using tsconfig file: ./tsconfig.json
   Using tsconfig file: ./tsconfig.json
 Γ£ô Compiled successfully in 2.6min
   Linting and checking validity of types ...
 Γ¿» ESLint: Failed to patch ESLint because the calling module was not recognized. If you 
are using a newer ESLint version that may be unsupported, please create a GitHub issue: 
https://github.com/microsoft/rushstack/issues
   Collecting page data ...
Γ£à [STRIPE] Using LIVE mode keys (sk_live_...)
Γ£à [STRIPE] Key length: 107 characters
Γ£à [STRIPE] Using LIVE mode keys (sk_live_...)
Γ£à [STRIPE] Key length: 107 characters
Γ£à [STRIPE] Using LIVE mode keys (sk_live_...)
Γ£à [STRIPE] Key length: 107 characters
Γ£à [STRIPE] Using LIVE mode keys (sk_live_...)
Γ£à [STRIPE] Key length: 107 characters
Γ£à [STRIPE] Using LIVE mode keys (sk_live_...)
Γ£à [STRIPE] Key length: 107 characters
Γ£à [STRIPE] Using LIVE mode keys (sk_live_...)
Γ£à [STRIPE] Key length: 107 characters
Γ£à [STRIPE] Using LIVE mode keys (sk_live_...)
Γ£à [STRIPE] Key length: 107 characters
   Generating static pages (0/91) ...
Γ£à [STRIPE] Using LIVE mode keys (sk_live_...)
Γ£à [STRIPE] Key length: 107 characters
Error: <Html> should not be imported outside of pages/_document.
Read more: https://nextjs.org/docs/messages/no-document-import-in-page
    at x (C:\Users\shilo\Brain-Brawl\Brain-Brawl\.next\server\chunks\5515.js:6:1351)
Error occurred prerendering page "/500". Read more: 
https://nextjs.org/docs/messages/prerender-error
Error: <Html> should not be imported outside of pages/_document.
Read more: https://nextjs.org/docs/messages/no-document-import-in-page
    at x (C:\Users\shilo\Brain-Brawl\Brain-Brawl\.next\server\chunks\5515.js:6:1351)
Export encountered an error on /_error: /500, exiting the build.
 Γ¿» Next.js build worker exited with code: 1 and signal: null
ΓÇëELIFECYCLEΓÇë Command failed with exit code 1.
